RAM Allocation [bytes]
Variable                                                                          Address   Size
------------------------------------------------------------------------------------------------
channels                                                                          0x0160       6
pulse                                                                             0x0166     100
pulse_sin                                                                         0x01CA     100
_seed                                                                             0x022E       4

EEPROM Allocation [bytes]
Variable                                                                          Address   Size
------------------------------------------------------------------------------------------------

Register Allocation
Variable                                                                          Register  Size
------------------------------------------------------------------------------------------------
channelNum                                                                        R5           1
timer                                                                             R4           1
i                                                                                 R7           1
cnt                                                                               R6           1
slow                                                                              R8,R9        2

FLASH Allocation [words]
Function                                                                          Address   Size
------------------------------------------------------------------------------------------------
SoftPWM_init                                                                      0x00067     38
SoftPWM_add                                                                       0x0008D     22
SoftPWM_dutychnge                                                                 0x000A3     11
SoftPWM_IRQ                                                                       0x000AE     84
main                                                                              0x00102    171
ftrunc                                                                            0x001AD     49
floor                                                                             0x001DE     24
sin                                                                               0x001F6    187
